✓ All imports successful
✓ GuiFolderTreeProps created successfully
✓ GuiFolderTreeMessage created successfully
All tests passed!
